Analyzing e_rendezvous_medecin...                               

   info - The imported package 'intl' isn't a dependency of the importing package - lib\main.dart:3:8 - depend_on_referenced_packages
  error - Target of URI doesn't exist: 'package:intl/date_symbol_data_local.dart' - lib\main.dart:3:8 - uri_does_not_exist
  error - The function 'initializeDateFormatting' isn't defined - lib\main.dart:18:9 - undefined_function
  error - The name 'SplashScreen' isn't a class - lib\main.dart:35:19 - creation_with_non_type
   info - Unnecessary use of multiple underscores - lib\screens\auth\login_screen.dart:73:41 - unnecessary_underscores
   info - Unnecessary use of multiple underscores - lib\screens\auth\login_screen.dart:73:45 - unnecessary_underscores
   info - Don't use 'BuildContext's across async gaps, guarded by an unrelated 'mounted' check - lib\screens\auth\login_screen.dart:286:31 - use_build_context_synchronously
   info - Don't use 'BuildContext's across async gaps, guarded by an unrelated 'mounted' check - lib\screens\auth\login_screen.dart:287:38 - use_build_context_synchronously
   info - The private field _obscurePassword could be 'final' - lib\screens\auth\register_screen.dart:25:8 - prefer_final_fields
   info - The imported package 'intl' isn't a dependency of the importing package - lib\screens\secretaire\add_reservation_screen.dart:2:8 - depend_on_referenced_packages
  error - Target of URI doesn't exist: 'package:intl/intl.dart' - lib\screens\secretaire\add_reservation_screen.dart:2:8 - uri_does_not_exist
  error - The method 'DateFormat' isn't defined for the type '_AddReservationScreenState' - lib\screens\secretaire\add_reservation_screen.dart:270:27 - undefined_method
   info - The imported package 'intl' isn't a dependency of the importing package - lib\screens\secretaire\dashboard_screen.dart:2:8 - depend_on_referenced_packages
  error - Target of URI doesn't exist: 'package:intl/intl.dart' - lib\screens\secretaire\dashboard_screen.dart:2:8 - uri_does_not_exist
  error - The method 'DateFormat' isn't defined for the type '_DashboardScreenState' - lib\screens\secretaire\dashboard_screen.dart:97:26 - undefined_method
  error - The method 'DateFormat' isn't defined for the type '_DashboardScreenState' - lib\screens\secretaire\dashboard_screen.dart:101:13 - undefined_method
  error - Undefined name 'DateFormat' - lib\screens\secretaire\dashboard_screen.dart:119:17 - undefined_identifier
  error - The method 'DateFormat' isn't defined for the type '_RendezVousCard' - lib\screens\secretaire\dashboard_screen.dart:390:29 - undefined_method
  error - The method 'DateFormat' isn't defined for the type '_RendezVousCard' - lib\screens\secretaire\dashboard_screen.dart:398:29 - undefined_method
  error - The method 'DateFormat' isn't defined for the type '_RendezVousCard' - lib\screens\secretaire\dashboard_screen.dart:413:29 - undefined_method
   info - The imported package 'intl' isn't a dependency of the importing package - lib\screens\secretaire\edit_reservation_screen.dart:2:8 - depend_on_referenced_packages
  error - Target of URI doesn't exist: 'package:intl/intl.dart' - lib\screens\secretaire\edit_reservation_screen.dart:2:8 - uri_does_not_exist
  error - The method 'DateFormat' isn't defined for the type '_EditReservationScreenState' - lib\screens\secretaire\edit_reservation_screen.dart:285:33 - undefined_method
  error - The method 'DateFormat' isn't defined for the type '_EditReservationScreenState' - lib\screens\secretaire\edit_reservation_screen.dart:304:33 - undefined_method
  error - The name 'Utilisateur' isn't a type, so it can't be used as a type argument - lib\services\secretaire_service.dart:126:10 - non_type_as_type_argument
  error - Undefined name 'Utilisateur' - lib\services\secretaire_service.dart:133:12 - undefined_identifier
  error - The name 'Secretaire' isn't a type, so it can't be used as a type argument - lib\services\secretaire_service.dart:137:10 - non_type_as_type_argument
  error - Undefined name 'Secretaire' - lib\services\secretaire_service.dart:144:12 - undefined_identifier
  error - Target of URI doesn't exist: 'firebase_options.dart' - macos\lib\main.dart:3:8 - uri_does_not_exist
  error - Undefined name 'DefaultFirebaseOptions' - macos\lib\main.dart:8:14 - undefined_identifier

flutter : 30 issues found. (ran in 2.6s)
At line:1 char:1
+ flutter analyze > errors.txt 2>&1
+ ~~~~~~~~~~~~~~~~~~~~~~~~~~~~~~~~~
    + CategoryInfo          : NotSpecified: (30 issues found.  
   (ran in 2.6s):String) [], RemoteException
    + FullyQualifiedErrorId : NativeCommandError
 
